// Jest Snapshot v1, https://goo.gl/fbAQLP

exports[`TodoInput: Example of using mount should render component 1`] = `
<form
  class=" ms__iMxdBJ"
>
  <label>
    Todo
    <input
      class="form-control"
      placeholder="Add new todo"
      type="text"
    />
  </label>
  <button
    class="btn btn-primary"
    disabled=""
    type="submit"
  >
    Add
  </button>
</form>
`;
