// Jest Snapshot v1, https://goo.gl/fbAQLP

exports[`Todos: Example of using mount should render component 1`] = `
<ul
  class=" ms__hUhVje"
>
  <li
    class=" ms__hsUUbt"
  />
</ul>
`;
